2026-05-19 00:44:09,865 [PID 22081] ERROR Uncaught error in persistent.run
Traceback (most recent call last):
  File "/home/odi/.local/share/nvim/mason/packages/pyre/venv/lib/python3.14/site-packages/pyre_check/client/commands/persistent.py", line 299, in run
    return asyncio.get_event_loop().run_until_complete(
           ~~~~~~~~~~~~~~~~~~~~~~^^
  File "/usr/lib/python3.14/asyncio/events.py", line 715, in get_event_loop
    raise RuntimeError('There is no current event loop in thread %r.'
                       % threading.current_thread().name)
RuntimeError: There is no current event loop in thread 'MainThread'.
2026-05-19 01:18:10,439 [PID 20340] ERROR Uncaught error in persistent.run
Traceback (most recent call last):
  File "/home/odi/.local/share/nvim/mason/packages/pyre/venv/lib/python3.14/site-packages/pyre_check/client/commands/persistent.py", line 299, in run
    return asyncio.get_event_loop().run_until_complete(
           ~~~~~~~~~~~~~~~~~~~~~~^^
  File "/usr/lib/python3.14/asyncio/events.py", line 715, in get_event_loop
    raise RuntimeError('There is no current event loop in thread %r.'
                       % threading.current_thread().name)
RuntimeError: There is no current event loop in thread 'MainThread'.
2026-05-19 01:18:33,139 [PID 20719] ERROR Uncaught error in persistent.run
Traceback (most recent call last):
  File "/home/odi/.local/share/nvim/mason/packages/pyre/venv/lib/python3.14/site-packages/pyre_check/client/commands/persistent.py", line 299, in run
    return asyncio.get_event_loop().run_until_complete(
           ~~~~~~~~~~~~~~~~~~~~~~^^
  File "/usr/lib/python3.14/asyncio/events.py", line 715, in get_event_loop
    raise RuntimeError('There is no current event loop in thread %r.'
                       % threading.current_thread().name)
RuntimeError: There is no current event loop in thread 'MainThread'.
2026-05-19 01:26:33,821 [PID 28018] ERROR Uncaught error in persistent.run
Traceback (most recent call last):
  File "/home/odi/.local/share/nvim/mason/packages/pyre/venv/lib/python3.14/site-packages/pyre_check/client/commands/persistent.py", line 299, in run
    return asyncio.get_event_loop().run_until_complete(
           ~~~~~~~~~~~~~~~~~~~~~~^^
  File "/usr/lib/python3.14/asyncio/events.py", line 715, in get_event_loop
    raise RuntimeError('There is no current event loop in thread %r.'
                       % threading.current_thread().name)
RuntimeError: There is no current event loop in thread 'MainThread'.
2026-05-19 01:27:19,398 [PID 28777] ERROR Uncaught error in persistent.run
Traceback (most recent call last):
  File "/home/odi/.local/share/nvim/mason/packages/pyre/venv/lib/python3.14/site-packages/pyre_check/client/commands/persistent.py", line 299, in run
    return asyncio.get_event_loop().run_until_complete(
           ~~~~~~~~~~~~~~~~~~~~~~^^
  File "/usr/lib/python3.14/asyncio/events.py", line 715, in get_event_loop
    raise RuntimeError('There is no current event loop in thread %r.'
                       % threading.current_thread().name)
RuntimeError: There is no current event loop in thread 'MainThread'.
2026-05-19 01:34:18,882 [PID 2738] ERROR Uncaught error in persistent.run
Traceback (most recent call last):
  File "/home/odi/.local/share/nvim/mason/packages/pyre/venv/lib/python3.14/site-packages/pyre_check/client/commands/persistent.py", line 299, in run
    return asyncio.get_event_loop().run_until_complete(
           ~~~~~~~~~~~~~~~~~~~~~~^^
  File "/usr/lib/python3.14/asyncio/events.py", line 715, in get_event_loop
    raise RuntimeError('There is no current event loop in thread %r.'
                       % threading.current_thread().name)
RuntimeError: There is no current event loop in thread 'MainThread'.
2026-05-19 01:36:35,698 [PID 5020] ERROR Uncaught error in persistent.run
Traceback (most recent call last):
  File "/home/odi/.local/share/nvim/mason/packages/pyre/venv/lib/python3.14/site-packages/pyre_check/client/commands/persistent.py", line 299, in run
    return asyncio.get_event_loop().run_until_complete(
           ~~~~~~~~~~~~~~~~~~~~~~^^
  File "/usr/lib/python3.14/asyncio/events.py", line 715, in get_event_loop
    raise RuntimeError('There is no current event loop in thread %r.'
                       % threading.current_thread().name)
RuntimeError: There is no current event loop in thread 'MainThread'.
2026-05-19 01:41:54,355 [PID 10278] ERROR Uncaught error in persistent.run
Traceback (most recent call last):
  File "/home/odi/.local/share/nvim/mason/packages/pyre/venv/lib/python3.14/site-packages/pyre_check/client/commands/persistent.py", line 299, in run
    return asyncio.get_event_loop().run_until_complete(
           ~~~~~~~~~~~~~~~~~~~~~~^^
  File "/usr/lib/python3.14/asyncio/events.py", line 715, in get_event_loop
    raise RuntimeError('There is no current event loop in thread %r.'
                       % threading.current_thread().name)
RuntimeError: There is no current event loop in thread 'MainThread'.
2026-05-19 01:42:45,699 [PID 11085] ERROR Uncaught error in persistent.run
Traceback (most recent call last):
  File "/home/odi/.local/share/nvim/mason/packages/pyre/venv/lib/python3.14/site-packages/pyre_check/client/commands/persistent.py", line 299, in run
    return asyncio.get_event_loop().run_until_complete(
           ~~~~~~~~~~~~~~~~~~~~~~^^
  File "/usr/lib/python3.14/asyncio/events.py", line 715, in get_event_loop
    raise RuntimeError('There is no current event loop in thread %r.'
                       % threading.current_thread().name)
RuntimeError: There is no current event loop in thread 'MainThread'.
2026-05-19 02:00:34,871 [PID 26963] ERROR Uncaught error in persistent.run
Traceback (most recent call last):
  File "/home/odi/.local/share/nvim/mason/packages/pyre/venv/lib/python3.14/site-packages/pyre_check/client/commands/persistent.py", line 299, in run
    return asyncio.get_event_loop().run_until_complete(
           ~~~~~~~~~~~~~~~~~~~~~~^^
  File "/usr/lib/python3.14/asyncio/events.py", line 715, in get_event_loop
    raise RuntimeError('There is no current event loop in thread %r.'
                       % threading.current_thread().name)
RuntimeError: There is no current event loop in thread 'MainThread'.
2026-05-19 02:05:07,432 [PID 30894] ERROR Uncaught error in persistent.run
Traceback (most recent call last):
  File "/home/odi/.local/share/nvim/mason/packages/pyre/venv/lib/python3.14/site-packages/pyre_check/client/commands/persistent.py", line 299, in run
    return asyncio.get_event_loop().run_until_complete(
           ~~~~~~~~~~~~~~~~~~~~~~^^
  File "/usr/lib/python3.14/asyncio/events.py", line 715, in get_event_loop
    raise RuntimeError('There is no current event loop in thread %r.'
                       % threading.current_thread().name)
RuntimeError: There is no current event loop in thread 'MainThread'.
2026-05-19 02:10:11,486 [PID 3324] ERROR Uncaught error in persistent.run
Traceback (most recent call last):
  File "/home/odi/.local/share/nvim/mason/packages/pyre/venv/lib/python3.14/site-packages/pyre_check/client/commands/persistent.py", line 299, in run
    return asyncio.get_event_loop().run_until_complete(
           ~~~~~~~~~~~~~~~~~~~~~~^^
  File "/usr/lib/python3.14/asyncio/events.py", line 715, in get_event_loop
    raise RuntimeError('There is no current event loop in thread %r.'
                       % threading.current_thread().name)
RuntimeError: There is no current event loop in thread 'MainThread'.
2026-05-19 02:40:08,665 [PID 30672] ERROR Uncaught error in persistent.run
Traceback (most recent call last):
  File "/home/odi/.local/share/nvim/mason/packages/pyre/venv/lib/python3.14/site-packages/pyre_check/client/commands/persistent.py", line 299, in run
    return asyncio.get_event_loop().run_until_complete(
           ~~~~~~~~~~~~~~~~~~~~~~^^
  File "/usr/lib/python3.14/asyncio/events.py", line 715, in get_event_loop
    raise RuntimeError('There is no current event loop in thread %r.'
                       % threading.current_thread().name)
RuntimeError: There is no current event loop in thread 'MainThread'.
2026-05-19 02:45:25,329 [PID 3519] ERROR Uncaught error in persistent.run
Traceback (most recent call last):
  File "/home/odi/.local/share/nvim/mason/packages/pyre/venv/lib/python3.14/site-packages/pyre_check/client/commands/persistent.py", line 299, in run
    return asyncio.get_event_loop().run_until_complete(
           ~~~~~~~~~~~~~~~~~~~~~~^^
  File "/usr/lib/python3.14/asyncio/events.py", line 715, in get_event_loop
    raise RuntimeError('There is no current event loop in thread %r.'
                       % threading.current_thread().name)
RuntimeError: There is no current event loop in thread 'MainThread'.
2026-05-24 15:44:21,302 [PID 26023] ERROR Uncaught error in persistent.run
Traceback (most recent call last):
  File "/home/odi/.local/share/nvim/mason/packages/pyre/venv/lib/python3.14/site-packages/pyre_check/client/commands/persistent.py", line 299, in run
    return asyncio.get_event_loop().run_until_complete(
           ~~~~~~~~~~~~~~~~~~~~~~^^
  File "/usr/lib/python3.14/asyncio/events.py", line 715, in get_event_loop
    raise RuntimeError('There is no current event loop in thread %r.'
                       % threading.current_thread().name)
RuntimeError: There is no current event loop in thread 'MainThread'.
2026-05-24 19:41:30,363 [PID 7910] ERROR Uncaught error in persistent.run
Traceback (most recent call last):
  File "/home/odi/.local/share/nvim/mason/packages/pyre/venv/lib/python3.14/site-packages/pyre_check/client/commands/persistent.py", line 299, in run
    return asyncio.get_event_loop().run_until_complete(
           ~~~~~~~~~~~~~~~~~~~~~~^^
  File "/usr/lib/python3.14/asyncio/events.py", line 715, in get_event_loop
    raise RuntimeError('There is no current event loop in thread %r.'
                       % threading.current_thread().name)
RuntimeError: There is no current event loop in thread 'MainThread'.
2026-05-24 19:41:59,407 [PID 8435] ERROR Uncaught error in persistent.run
Traceback (most recent call last):
  File "/home/odi/.local/share/nvim/mason/packages/pyre/venv/lib/python3.14/site-packages/pyre_check/client/commands/persistent.py", line 299, in run
    return asyncio.get_event_loop().run_until_complete(
           ~~~~~~~~~~~~~~~~~~~~~~^^
  File "/usr/lib/python3.14/asyncio/events.py", line 715, in get_event_loop
    raise RuntimeError('There is no current event loop in thread %r.'
                       % threading.current_thread().name)
RuntimeError: There is no current event loop in thread 'MainThread'.
2026-05-24 19:42:13,559 [PID 8697] ERROR Uncaught error in persistent.run
Traceback (most recent call last):
  File "/home/odi/.local/share/nvim/mason/packages/pyre/venv/lib/python3.14/site-packages/pyre_check/client/commands/persistent.py", line 299, in run
    return asyncio.get_event_loop().run_until_complete(
           ~~~~~~~~~~~~~~~~~~~~~~^^
  File "/usr/lib/python3.14/asyncio/events.py", line 715, in get_event_loop
    raise RuntimeError('There is no current event loop in thread %r.'
                       % threading.current_thread().name)
RuntimeError: There is no current event loop in thread 'MainThread'.
2026-05-24 19:42:18,132 [PID 8801] ERROR Uncaught error in persistent.run
Traceback (most recent call last):
  File "/home/odi/.local/share/nvim/mason/packages/pyre/venv/lib/python3.14/site-packages/pyre_check/client/commands/persistent.py", line 299, in run
    return asyncio.get_event_loop().run_until_complete(
           ~~~~~~~~~~~~~~~~~~~~~~^^
  File "/usr/lib/python3.14/asyncio/events.py", line 715, in get_event_loop
    raise RuntimeError('There is no current event loop in thread %r.'
                       % threading.current_thread().name)
RuntimeError: There is no current event loop in thread 'MainThread'.
2026-05-24 19:42:52,509 [PID 9441] ERROR Uncaught error in persistent.run
Traceback (most recent call last):
  File "/home/odi/.local/share/nvim/mason/packages/pyre/venv/lib/python3.14/site-packages/pyre_check/client/commands/persistent.py", line 299, in run
    return asyncio.get_event_loop().run_until_complete(
           ~~~~~~~~~~~~~~~~~~~~~~^^
  File "/usr/lib/python3.14/asyncio/events.py", line 715, in get_event_loop
    raise RuntimeError('There is no current event loop in thread %r.'
                       % threading.current_thread().name)
RuntimeError: There is no current event loop in thread 'MainThread'.
2026-05-24 19:43:11,427 [PID 9799] ERROR Uncaught error in persistent.run
Traceback (most recent call last):
  File "/home/odi/.local/share/nvim/mason/packages/pyre/venv/lib/python3.14/site-packages/pyre_check/client/commands/persistent.py", line 299, in run
    return asyncio.get_event_loop().run_until_complete(
           ~~~~~~~~~~~~~~~~~~~~~~^^
  File "/usr/lib/python3.14/asyncio/events.py", line 715, in get_event_loop
    raise RuntimeError('There is no current event loop in thread %r.'
                       % threading.current_thread().name)
RuntimeError: There is no current event loop in thread 'MainThread'.
2026-05-24 19:43:14,675 [PID 9855] ERROR Uncaught error in persistent.run
Traceback (most recent call last):
  File "/home/odi/.local/share/nvim/mason/packages/pyre/venv/lib/python3.14/site-packages/pyre_check/client/commands/persistent.py", line 299, in run
    return asyncio.get_event_loop().run_until_complete(
           ~~~~~~~~~~~~~~~~~~~~~~^^
  File "/usr/lib/python3.14/asyncio/events.py", line 715, in get_event_loop
    raise RuntimeError('There is no current event loop in thread %r.'
                       % threading.current_thread().name)
RuntimeError: There is no current event loop in thread 'MainThread'.
2026-05-24 19:43:24,467 [PID 10052] ERROR Uncaught error in persistent.run
Traceback (most recent call last):
  File "/home/odi/.local/share/nvim/mason/packages/pyre/venv/lib/python3.14/site-packages/pyre_check/client/commands/persistent.py", line 299, in run
    return asyncio.get_event_loop().run_until_complete(
           ~~~~~~~~~~~~~~~~~~~~~~^^
  File "/usr/lib/python3.14/asyncio/events.py", line 715, in get_event_loop
    raise RuntimeError('There is no current event loop in thread %r.'
                       % threading.current_thread().name)
RuntimeError: There is no current event loop in thread 'MainThread'.
2026-05-24 19:43:29,236 [PID 10142] ERROR Uncaught error in persistent.run
Traceback (most recent call last):
  File "/home/odi/.local/share/nvim/mason/packages/pyre/venv/lib/python3.14/site-packages/pyre_check/client/commands/persistent.py", line 299, in run
    return asyncio.get_event_loop().run_until_complete(
           ~~~~~~~~~~~~~~~~~~~~~~^^
  File "/usr/lib/python3.14/asyncio/events.py", line 715, in get_event_loop
    raise RuntimeError('There is no current event loop in thread %r.'
                       % threading.current_thread().name)
RuntimeError: There is no current event loop in thread 'MainThread'.
2026-05-24 19:43:33,597 [PID 10258] ERROR Uncaught error in persistent.run
Traceback (most recent call last):
  File "/home/odi/.local/share/nvim/mason/packages/pyre/venv/lib/python3.14/site-packages/pyre_check/client/commands/persistent.py", line 299, in run
    return asyncio.get_event_loop().run_until_complete(
           ~~~~~~~~~~~~~~~~~~~~~~^^
  File "/usr/lib/python3.14/asyncio/events.py", line 715, in get_event_loop
    raise RuntimeError('There is no current event loop in thread %r.'
                       % threading.current_thread().name)
RuntimeError: There is no current event loop in thread 'MainThread'.
2026-05-24 19:43:36,845 [PID 10316] ERROR Uncaught error in persistent.run
Traceback (most recent call last):
  File "/home/odi/.local/share/nvim/mason/packages/pyre/venv/lib/python3.14/site-packages/pyre_check/client/commands/persistent.py", line 299, in run
    return asyncio.get_event_loop().run_until_complete(
           ~~~~~~~~~~~~~~~~~~~~~~^^
  File "/usr/lib/python3.14/asyncio/events.py", line 715, in get_event_loop
    raise RuntimeError('There is no current event loop in thread %r.'
                       % threading.current_thread().name)
RuntimeError: There is no current event loop in thread 'MainThread'.
2026-05-24 19:44:00,476 [PID 10775] ERROR Uncaught error in persistent.run
Traceback (most recent call last):
  File "/home/odi/.local/share/nvim/mason/packages/pyre/venv/lib/python3.14/site-packages/pyre_check/client/commands/persistent.py", line 299, in run
    return asyncio.get_event_loop().run_until_complete(
           ~~~~~~~~~~~~~~~~~~~~~~^^
  File "/usr/lib/python3.14/asyncio/events.py", line 715, in get_event_loop
    raise RuntimeError('There is no current event loop in thread %r.'
                       % threading.current_thread().name)
RuntimeError: There is no current event loop in thread 'MainThread'.
2026-06-04 23:39:49,994 [PID 20797] ERROR Uncaught error in persistent.run
Traceback (most recent call last):
  File "/home/odi/.local/share/nvim/mason/packages/pyre/venv/lib/python3.14/site-packages/pyre_check/client/commands/persistent.py", line 299, in run
    return asyncio.get_event_loop().run_until_complete(
           ~~~~~~~~~~~~~~~~~~~~~~^^
  File "/usr/lib/python3.14/asyncio/events.py", line 715, in get_event_loop
    raise RuntimeError('There is no current event loop in thread %r.'
                       % threading.current_thread().name)
RuntimeError: There is no current event loop in thread 'MainThread'.
2026-06-05 01:32:19,956 [PID 11528] ERROR Uncaught error in persistent.run
Traceback (most recent call last):
  File "/home/odi/.local/share/nvim/mason/packages/pyre/venv/lib/python3.14/site-packages/pyre_check/client/commands/persistent.py", line 299, in run
    return asyncio.get_event_loop().run_until_complete(
           ~~~~~~~~~~~~~~~~~~~~~~^^
  File "/usr/lib/python3.14/asyncio/events.py", line 715, in get_event_loop
    raise RuntimeError('There is no current event loop in thread %r.'
                       % threading.current_thread().name)
RuntimeError: There is no current event loop in thread 'MainThread'.
